[dtpainting.wpengine.com/index.html]
[backblue.gif]
[fade.gif]
[index.html]
[3put9a43ycne3koyi63vujgg-wpengine.netdna-ssl.com/wp-content/cache/asset-cleanup/css/head-33b48127fac65391232ffca1b28d6cb3f422f544.css]
[3put9a43ycne3koyi63vujgg-wpengine.netdna-ssl.com/wp-includes/js/jquery/jquery4a5f.js]
[3put9a43ycne3koyi63vujgg-wpengine.netdna-ssl.com/wp-content/cache/asset-cleanup/js/item/layerslider-greensock-v1.19.0-0fe9f52c3c351c06f5cdb80f86d1aa70a52c4140.js]
[3put9a43ycne3koyi63vujgg-wpengine.netdna-ssl.com/wp-includes/js/jquery/jquery-migrate.min330a.js]
[3put9a43ycne3koyi63vujgg-wpengine.netdna-ssl.com/wp-content/uploads/2016/04/cropped-favicon-192x192.png]
[3put9a43ycne3koyi63vujgg-wpengine.netdna-ssl.com/wp-content/uploads/2016/04/cropped-favicon-180x180.png]
[3put9a43ycne3koyi63vujgg-wpengine.netdna-ssl.com/wp-content/themes/painting/images/loader.gif]
[3put9a43ycne3koyi63vujgg-wpengine.netdna-ssl.com/wp-content/themes/painting/images/style-picker/picker-icon.png]
[3put9a43ycne3koyi63vujgg-wpengine.netdna-ssl.com/wp-content/themes/painting/images/style-picker/patterns/pattern4.jpg]
[3put9a43ycne3koyi63vujgg-wpengine.netdna-ssl.com/wp-content/themes/painting/images/style-picker/patterns/pattern19.jpg]
[3put9a43ycne3koyi63vujgg-wpengine.netdna-ssl.com/wp-content/themes/painting/images/style-picker/patterns/pattern6.jpg]
[3put9a43ycne3koyi63vujgg-wpengine.netdna-ssl.com/wp-content/themes/painting/images/style-picker/patterns/pattern10.jpg]
[3put9a43ycne3koyi63vujgg-wpengine.netdna-ssl.com/wp-content/themes/painting/images/style-picker/patterns/pattern18.jpg]
[3put9a43ycne3koyi63vujgg-wpengine.netdna-ssl.com/wp-content/themes/painting/images/style-picker/patterns/pattern13.jpg]
[3put9a43ycne3koyi63vujgg-wpengine.netdna-ssl.com/wp-content/themes/painting/images/style-picker/patterns/pattern11.jpg]
[3put9a43ycne3koyi63vujgg-wpengine.netdna-ssl.com/wp-content/themes/painting/images/style-picker/patterns/pattern9.jpg]
[3put9a43ycne3koyi63vujgg-wpengine.netdna-ssl.com/wp-content/themes/painting/images/style-picker/patterns/pattern1.jpg]
[3put9a43ycne3koyi63vujgg-wpengine.netdna-ssl.com/wp-content/themes/painting/images/style-picker/patterns/pattern2.jpg]
[3put9a43ycne3koyi63vujgg-wpengine.netdna-ssl.com/wp-content/themes/painting/images/style-picker/patterns/pattern3.jpg]
[3put9a43ycne3koyi63vujgg-wpengine.netdna-ssl.com/wp-content/themes/painting/images/style-picker/patterns/pattern20.jpg]
[3put9a43ycne3koyi63vujgg-wpengine.netdna-ssl.com/wp-content/themes/painting/images/style-picker/patterns/pattern15.jpg]
[3put9a43ycne3koyi63vujgg-wpengine.netdna-ssl.com/wp-content/themes/painting/images/style-picker/patterns/pattern16.jpg]
[3put9a43ycne3koyi63vujgg-wpengine.netdna-ssl.com/wp-content/themes/painting/images/style-picker/patterns/pattern14.jpg]
[3put9a43ycne3koyi63vujgg-wpengine.netdna-ssl.com/wp-content/themes/painting/images/style-picker/patterns/pattern12.jpg]
[3put9a43ycne3koyi63vujgg-wpengine.netdna-ssl.com/wp-content/themes/painting/images/style-picker/patterns/pattern5.jpg]
[3put9a43ycne3koyi63vujgg-wpengine.netdna-ssl.com/wp-content/themes/painting/images/style-picker/patterns/pattern7.jpg]
[3put9a43ycne3koyi63vujgg-wpengine.netdna-ssl.com/wp-content/themes/painting/images/style-picker/patterns/pattern8.jpg]
[3put9a43ycne3koyi63vujgg-wpengine.netdna-ssl.com/wp-content/themes/painting/images/style-picker/patterns/pattern17.jpg]
[3put9a43ycne3koyi63vujgg-wpengine.netdna-ssl.com/wp-content/themes/painting/images/logo.png]
[3put9a43ycne3koyi63vujgg-wpengine.netdna-ssl.com/wp-content/themes/painting/images/logo@2x.png]
[3put9a43ycne3koyi63vujgg-wpengine.netdna-ssl.com/wp-content/uploads/2013/06/product2-85x85.jpg]
[3put9a43ycne3koyi63vujgg-wpengine.netdna-ssl.com/wp-content/uploads/2013/06/product8-85x85.jpg]
[3put9a43ycne3koyi63vujgg-wpengine.netdna-ssl.com/wp-content/uploads/2013/06/product20-85x85.jpg]
[3put9a43ycne3koyi63vujgg-wpengine.netdna-ssl.com/wp-content/uploads/2016/04/1-1.jpg]
[3put9a43ycne3koyi63vujgg-wpengine.netdna-ssl.com/wp-content/uploads/2016/04/2.jpg]
[3put9a43ycne3koyi63vujgg-wpengine.netdna-ssl.com/wp-content/uploads/2016/04/3.jpg]
[3put9a43ycne3koyi63vujgg-wpengine.netdna-ssl.com/wp-content/uploads/2016/03/commercial.jpg]
[3put9a43ycne3koyi63vujgg-wpengine.netdna-ssl.com/wp-content/uploads/2016/03/residential.jpg]
[3put9a43ycne3koyi63vujgg-wpengine.netdna-ssl.com/wp-content/uploads/2016/03/restoration.jpg]
[3put9a43ycne3koyi63vujgg-wpengine.netdna-ssl.com/wp-content/uploads/2016/03/faux.png]
[3put9a43ycne3koyi63vujgg-wpengine.netdna-ssl.com/wp-content/uploads/2016/03/water-proofing.png]
[3put9a43ycne3koyi63vujgg-wpengine.netdna-ssl.com/wp-content/uploads/2016/03/pre-paint.png]
[3put9a43ycne3koyi63vujgg-wpengine.netdna-ssl.com/wp-content/uploads/2016/03/removeal.png]
[3put9a43ycne3koyi63vujgg-wpengine.netdna-ssl.com/wp-content/uploads/2016/03/color-proof.png]
[3put9a43ycne3koyi63vujgg-wpengine.netdna-ssl.com/wp-content/uploads/2016/03/window-washing.png]
[3put9a43ycne3koyi63vujgg-wpengine.netdna-ssl.com/wp-content/uploads/2016/03/gallery1.jpg]
[3put9a43ycne3koyi63vujgg-wpengine.netdna-ssl.com/wp-content/uploads/2016/03/gallery3.jpg]
[3put9a43ycne3koyi63vujgg-wpengine.netdna-ssl.com/wp-content/uploads/2016/03/gallery4.jpg]
[3put9a43ycne3koyi63vujgg-wpengine.netdna-ssl.com/wp-content/uploads/2016/03/gallery5.jpg]
[3put9a43ycne3koyi63vujgg-wpengine.netdna-ssl.com/wp-content/uploads/2016/03/gallery6.jpg]
[3put9a43ycne3koyi63vujgg-wpengine.netdna-ssl.com/wp-content/uploads/2016/03/gallery7.jpg]
[3put9a43ycne3koyi63vujgg-wpengine.netdna-ssl.com/wp-content/uploads/2016/03/gallery8.jpg]
[3put9a43ycne3koyi63vujgg-wpengine.netdna-ssl.com/wp-content/uploads/2015/04/blog-2.jpg]
[3put9a43ycne3koyi63vujgg-wpengine.netdna-ssl.com/wp-content/uploads/2015/04/blog-3.jpg]
[3put9a43ycne3koyi63vujgg-wpengine.netdna-ssl.com/wp-content/uploads/2015/04/blog-4.jpg]
[3put9a43ycne3koyi63vujgg-wpengine.netdna-ssl.com/wp-content/uploads/2015/04/blog5.jpg]
[3put9a43ycne3koyi63vujgg-wpengine.netdna-ssl.com/wp-content/uploads/2016/03/speckle-man.png]
[3put9a43ycne3koyi63vujgg-wpengine.netdna-ssl.com/wp-content/uploads/2016/03/speckle-blur.png]
[3put9a43ycne3koyi63vujgg-wpengine.netdna-ssl.com/wp-content/uploads/2016/03/flower-parallax-grey.png]
[3put9a43ycne3koyi63vujgg-wpengine.netdna-ssl.com/wp-content/uploads/2016/03/flower-parallax-color.png]
[3put9a43ycne3koyi63vujgg-wpengine.netdna-ssl.com/wp-content/uploads/2016/03/client-logo1.png]
[3put9a43ycne3koyi63vujgg-wpengine.netdna-ssl.com/wp-content/uploads/2016/03/client-logo2.png]
[3put9a43ycne3koyi63vujgg-wpengine.netdna-ssl.com/wp-content/uploads/2016/03/client-logo3.png]
[3put9a43ycne3koyi63vujgg-wpengine.netdna-ssl.com/wp-content/uploads/2016/03/client-logo4.png]
[3put9a43ycne3koyi63vujgg-wpengine.netdna-ssl.com/wp-content/uploads/2016/03/speckle.png]
[3put9a43ycne3koyi63vujgg-wpengine.netdna-ssl.com/wp-content/uploads/2016/04/testimonial-img1.png]
[3put9a43ycne3koyi63vujgg-wpengine.netdna-ssl.com/wp-content/uploads/2016/04/testimonial-img2.png]
[3put9a43ycne3koyi63vujgg-wpengine.netdna-ssl.com/wp-content/uploads/2016/04/testimonial-img3.png]
[3put9a43ycne3koyi63vujgg-wpengine.netdna-ssl.com/wp-content/uploads/2016/04/testimonial-img4.png]
[3put9a43ycne3koyi63vujgg-wpengine.netdna-ssl.com/wp-content/uploads/2016/03/footer-logo.png]
[3put9a43ycne3koyi63vujgg-wpengine.netdna-ssl.com/wp-content/cache/asset-cleanup/js/item/dt-sc-plugin-scripts-v5.4.2-cf31334b9a3ca101de4cfbf994dd5408738ccb1a.js]
[3put9a43ycne3koyi63vujgg-wpengine.netdna-ssl.com/wp-content/cache/asset-cleanup/js/item/dt-sc-script-v5.4.2-7ba423ef3e1d5eda1b7f4ec3c2be34cd8e00539a.js]
[3put9a43ycne3koyi63vujgg-wpengine.netdna-ssl.com/wp-content/cache/asset-cleanup/js/item/painting-plugins-v5.4.2-22532cca83d00a389f9364604af4b1d29a0832d0.js]
[3put9a43ycne3koyi63vujgg-wpengine.netdna-ssl.com/wp-content/themes/painting/framework/js/jquery.cookie.min7661.js]
[dtpainting.wpengine.com/index.html]
[3put9a43ycne3koyi63vujgg-wpengine.netdna-ssl.com/wp-content/cache/asset-cleanup/js/item/painting-custom-v5.4.2-d1266daebfe05ff4dc1f01a595d863af6d46f44d.js]
[3put9a43ycne3koyi63vujgg-wpengine.netdna-ssl.com/wp-content/themes/painting/images/prettyPhoto/default/sprite.png]
[3put9a43ycne3koyi63vujgg-wpengine.netdna-ssl.com/wp-content/themes/painting/images/prettyPhoto/default/loader.gif]
[3put9a43ycne3koyi63vujgg-wpengine.netdna-ssl.com/wp-content/cache/asset-cleanup/css/head-33b48127fac65391232ffca1b28d6cb3f422f544.css]
[3put9a43ycne3koyi63vujgg-wpengine.netdna-ssl.com/wp-content/cache/asset-cleanup/js/item/layerslider-transitions-v6.4.0-386804e789461da7b84d5e6e180ae87e67276dc8.js]
[3put9a43ycne3koyi63vujgg-wpengine.netdna-ssl.com/wp-content/uploads/2016/04/testimonial-img4.png]
[3put9a43ycne3koyi63vujgg-wpengine.netdna-ssl.com/wp-content/uploads/2016/03/gallery2.jpg]
[3put9a43ycne3koyi63vujgg-wpengine.netdna-ssl.com/wp-content/cache/asset-cleanup/js/item/layerslider-v6.4.0-f924a12ff393a1f95d62098efaf1ea3d5824eb80.js]
[3put9a43ycne3koyi63vujgg-wpengine.netdna-ssl.com/wp-content/cache/asset-cleanup/js/item/contact-form-7-v5.1.7-86f7e7b926e1a88209d171b56dadbccc2c96f578.js]
[3put9a43ycne3koyi63vujgg-wpengine.netdna-ssl.com/wp-content/uploads/2016/04/cropped-favicon-32x32.png]
[3put9a43ycne3koyi63vujgg-wpengine.netdna-ssl.com/wp-content/cache/asset-cleanup/js/item/painting-picker-v5.4.2-50372f8569d2820e75eb93ed9f79b7c654c6d4ca.js]
[3put9a43ycne3koyi63vujgg-wpengine.netdna-ssl.com/wp-content/themes/painting/framework/js/modernizr.min7661.js]
